// Jest Snapshot v1, https://goo.gl/fbAQLP

exports[`renders correctly 1`] = `
Array [
  <button
    onClick={[MockFunction]}
  >
    Add Post
  </button>,
  <article
    className="Container"
  >
    <p
      className="Date"
    >
      23.08.2019
    </p>
    <h1>
      One
    </h1>
    <p>
      Lorem ipsum
    </p>
  </article>,
  <article
    className="Container"
  >
    <p
      className="Date"
    >
      22.09.2019
    </p>
    <h1>
      Second Post
    </h1>
    <p>
      Some more content
    </p>
  </article>,
]
`;
